// Jest Snapshot v1, https://goo.gl/fbAQLP

exports[`counter renders without crashing 1`] = `
<div
  className="main"
>
  <p>
    Counter: 
    1
  </p>
  <button
    className="button"
    onClick={[Function]}
    style={
      Object {
        "color": "#fff",
      }
    }
    type="button"
  >
    ADD
  </button>
  <button
    className="button"
    onClick={[Function]}
    style={
      Object {
        "color": "#fff",
      }
    }
    type="button"
  >
    SUBTRACT
  </button>
</div>
`;
